# cmd: timeout 300 /home/better0101/projects/safetyreport/.venv/bin/python -m unittest tests.test_storage_exchange.ExchangeRestoreTests.test_a_partial_number_is_not_completed_from_an_incomplete_list
# NEGATIVE CONTROL: 목록 일부만 받고도 부분 일치를 확정하는 옛 동작 — 실패(exit≠0)가 기대값
# cwd: /home/better0101/projects/worktree/ci-20260926/safetyreport/audit-fix
# candidate: 04a8a77 (ci0926/audit-fix)
# dirty: 7 tracked changes
# start: 2026-09-26T19:31:27+09:00
[2026-09-26 19:31:28,851][INFO|database.py-upgrade_schema:285] >> 테이블 'admin_users' 생성 중...
[2026-09-26 19:31:28,862][INFO|database.py-upgrade_schema:285] >> 테이블 'api_keys' 생성 중...
[2026-09-26 19:31:28,871][INFO|database.py-upgrade_schema:285] >> 테이블 'mysafety' 생성 중...
[2026-09-26 19:31:28,882][INFO|database.py-upgrade_schema:285] >> 테이블 'mysafety_change_cursor' 생성 중...
[2026-09-26 19:31:28,932][INFO|database.py-upgrade_schema:285] >> 테이블 'mysafety_change_log' 생성 중...
[2026-09-26 19:31:29,020][INFO|database.py-upgrade_schema:285] >> 테이블 'mysafety_duplicate_decision' 생성 중...
[2026-09-26 19:31:29,026][INFO|database.py-upgrade_schema:285] >> 테이블 'mysafety_duplicate_group' 생성 중...
[2026-09-26 19:31:29,038][INFO|database.py-upgrade_schema:285] >> 테이블 'mysafety_duplicate_member' 생성 중...
[2026-09-26 19:31:29,040][INFO|database.py-upgrade_schema:285] >> 테이블 'mysafety_entry_value' 생성 중...
[2026-09-26 19:31:29,043][INFO|database.py-upgrade_schema:285] >> 테이블 'mysafety_geocode_cache' 생성 중...
[2026-09-26 19:31:29,047][INFO|database.py-upgrade_schema:285] >> 테이블 'mysafety_raw_content' 생성 중...
[2026-09-26 19:31:29,049][INFO|database.py-upgrade_schema:285] >> 테이블 'mysafety_report_override' 생성 중...
[2026-09-26 19:31:29,056][INFO|database.py-upgrade_schema:285] >> 테이블 'mysafety_sync_meta' 생성 중...
[2026-09-26 19:31:29,062][INFO|database.py-upgrade_schema:285] >> 테이블 'mysafety_watchlist' 생성 중...
[2026-09-26 19:31:29,065][INFO|database.py-upgrade_schema:285] >> 테이블 'mysafetydetail_other' 생성 중...
[2026-09-26 19:31:29,068][INFO|database.py-upgrade_schema:285] >> 테이블 'mysafetydetail_parking' 생성 중...
[2026-09-26 19:31:29,071][INFO|database.py-upgrade_schema:285] >> 테이블 'mysafetydetail_traffic' 생성 중...
[2026-09-26 19:31:29,073][INFO|database.py-upgrade_schema:285] >> 테이블 'mysafetymerge_other' 생성 중...
[2026-09-26 19:31:29,080][INFO|database.py-upgrade_schema:285] >> 테이블 'mysafetymerge_parking' 생성 중...
[2026-09-26 19:31:29,083][INFO|database.py-upgrade_schema:285] >> 테이블 'mysafetymerge_traffic' 생성 중...
[2026-09-26 19:31:29,087][INFO|database.py-_apply_versioned_migrations:452] >> [schema] DB 스키마 버전 1 적용
[2026-09-26 19:31:29,097][INFO|database.py-_apply_versioned_migrations:452] >> [schema] DB 스키마 버전 2 적용
[2026-09-26 19:31:29,100][INFO|database.py-_apply_versioned_migrations:452] >> [schema] DB 스키마 버전 3 적용
[2026-09-26 19:31:29,128][INFO|database.py-_apply_versioned_migrations:452] >> [schema] DB 스키마 버전 4 적용
[2026-09-26 19:31:29,175][INFO|duplicate_group_service.py-_log_info:53] >> [duplicate] payload exact 중복군 0개, 멤버 0건 재생성
[2026-09-26 19:31:29,215][INFO|database.py-backfill_synced_at:100] >> [migration] mysafetydetail_traffic synced_at 백필: 12건, 미해결 0건
[2026-09-26 19:31:29,220][INFO|database.py-backfill_synced_at:100] >> [migration] mysafetydetail_parking synced_at 백필: 6건, 미해결 0건
[2026-09-26 19:31:29,223][INFO|database.py-backfill_synced_at:100] >> [migration] mysafetydetail_other synced_at 백필: 6건, 미해결 0건
[2026-09-26 19:31:29,225][INFO|database.py-backfill_synced_at:105] >> [migration] synced_at 백필 완료: 총 24건 갱신, merge 재생성 시작
[2026-09-26 19:31:29,241][INFO|database.py-merge_final:736] >> 최종 데이터 병합 완료 (Traffic/Parking/Other 분리)
[2026-09-26 19:31:29,271][INFO|duplicate_group_service.py-_log_info:53] >> [duplicate] payload exact 중복군 1개, 멤버 2건 재생성
[2026-09-26 19:31:29,279][INFO|database.py-merge_final:736] >> 최종 데이터 병합 완료 (Traffic/Parking/Other 분리)
[2026-09-26 19:31:29,305][INFO|duplicate_group_service.py-_log_info:53] >> [duplicate] payload exact 중복군 1개, 멤버 2건 재생성
[2026-09-26 19:31:29,603][INFO|start.py-_run_crawling_process:338] >> 큐 지정 크롤링 모드입니다. 전체 목록 갱신을 건너뜁니다.
[2026-09-26 19:31:29,604][WARNING|start.py-extract_ids_from_queue:129] >> 큐 신고번호 SPP-2609-777100이(가) 정확히 일치하지 않습니다. 목록 전체를 받은 뒤 다시 찾습니다.
[2026-09-26 19:31:29,604][INFO|start.py-_run_crawling_process:383] >> 미확인 신고번호 1건을 목록 전체에서 찾습니다.
[2026-09-26 19:31:29,604][INFO|crawltitle_api.py-crawl_titles:74] >> API 방식으로 목록 데이터를 호출합니다. (direct_login 세션)
[2026-09-26 19:31:29,604][INFO|crawltitle_api.py-crawl_titles:104] >> API 확인됨: 총 201건 (2페이지 분량)
[2026-09-26 19:31:29,604][INFO|crawltitle_api.py-crawl_titles:117] >> API 목록 로드 중: 1 페이지 (1~200건)
[2026-09-26 19:31:29,763][INFO|crawltitle_api.py-crawl_titles:117] >> API 목록 로드 중: 2 페이지 (201~201건)
[2026-09-26 19:31:29,764][WARNING|crawltitle_api.py-crawl_titles:122] >> 페이지 2 호출 실패: network down
[2026-09-26 19:31:29,764][WARNING|start.py-_run_crawling_process:398] >> 목록 탐색을 끝내지 못했습니다: network: network down
[2026-09-26 19:31:29,807][INFO|database.py-title_to_sql:694] >> 총 200건 title 테이블 upsert 완료. (신규: 176건)
[2026-09-26 19:31:29,809][INFO|start.py-_run_crawling_process:414] >> 신고번호 SPP-2609-777100 → ID 77710001 발견
[2026-09-26 19:31:29,809][INFO|start.py-_run_crawling_process:431] >> 큐 파일에서 1개의 아이템 크롤링 시작.
[2026-09-26 19:31:29,809][INFO|start.py-_run_crawling_process:445] >> 상세 크롤링 대상 ID: 1 건 (순차 처리)
[2026-09-26 19:31:29,809][INFO|start.py-_run_crawling_process:450] >> [API 방식] 상세 데이터 추출 시작
[2026-09-26 19:31:29,899][INFO|start.py-_save_details_as_they_arrive:493] >> 상세 저장 1건 (변경/신규 1건, 실패 0건)
F
======================================================================
FAIL: test_a_partial_number_is_not_completed_from_an_incomplete_list (tests.test_storage_exchange.ExchangeRestoreTests.test_a_partial_number_is_not_completed_from_an_incomplete_list)
감사 R8-01: 뒤쪽 페이지를 못 받았으면 앞쪽에서만 유일해 보이는 부분 일치를 확정하지 않는다(저장 0, 보고 0 → 다시 찾음).
----------------------------------------------------------------------
Traceback (most recent call last):
  File "/home/better0101/projects/worktree/ci-20260926/safetyreport/audit-fix/tests/test_storage_exchange.py", line 889, in test_a_partial_number_is_not_completed_from_an_incomplete_list
    self.assertEqual((saved, report), ([], (set(), [], [])), "2쪽 실패 — A 로 확정하지 않는다")
    ~~~~~~~~~~~~~~~~^^^^^^^^^^^^^^^^^^^^^^^^^^^^^^^^^^^^^^^^^^^^^^^^^^^^^^^^^^^^^^^^^^^^^^^^^^^
AssertionError: Tuples differ: (['77710001'], ({'SPP-2609-777100'}, [], [])) != ([], (set(), [], []))

First differing element 0:
['77710001']
[]

- (['77710001'], ({'SPP-2609-777100'}, [], []))
+ ([], (set(), [], [])) : 2쪽 실패 — A 로 확정하지 않는다

----------------------------------------------------------------------
Ran 1 test in 1.378s

FAILED (failures=1)
# end: 2026-09-26T19:31:30+09:00
# exit: 1
