node:internal/modules/run_main:123
    triggerUncaughtException(
    ^

locator.click: Timeout 30000ms exceeded.
Call log:
  - waiting for getByRole('button', { name: '통계 만들기', exact: true })
    - locator resolved to <button disabled type="button" class="primary-button">통계 만들기</button>
  - attempting click action
    2 × waiting for element to be visible, enabled and stable
      - element is not enabled
    - retrying click action
    - waiting 20ms
    2 × waiting for element to be visible, enabled and stable
      - element is not enabled
    - retrying click action
      - waiting 100ms
    56 × waiting for element to be visible, enabled and stable
       - element is not enabled
     - retrying click action
       - waiting 500ms

    at /home/better0101/projects/worktree/map-cohort/scripts/browser/verify_dataset_snapshot.mjs:52:60 {
  log: [
    "  - waiting for getByRole('button', { name: '통계 만들기', exact: true })",
    '    - locator resolved to <button disabled type="button" class="primary-button">통계 만들기</button>',
    '  - attempting click action',
    '    2 × waiting for element to be visible, enabled and stable',
    '      - element is not enabled',
    '    - retrying click action',
    '    - waiting 20ms',
    '    2 × waiting for element to be visible, enabled and stable',
    '      - element is not enabled',
    '    - retrying click action',
    '      - waiting 100ms',
    '    56 × waiting for element to be visible, enabled and stable',
    '       - element is not enabled',
    '     - retrying click action',
    '       - waiting 500ms'
  ],
  name: 'TimeoutError'
}

Node.js v22.17.1
