
 RUN  v5.0.1 /home/better0101/projects/worktree/map-cohort

 ❯ tests/integration/dataset-snapshot-load.test.ts (1 test | 1 failed) 2018ms
   ❯ one screen during continuous real ingest (1)
     × records uploads, conflicts and complete-screen consistency 2017ms

⎯⎯⎯⎯⎯⎯⎯ Failed Tests 1 ⎯⎯⎯⎯⎯⎯⎯

 FAIL  tests/integration/dataset-snapshot-load.test.ts > one screen during continuous real ingest > records uploads, conflicts and complete-screen consistency
Error: no auth code: http://127.0.0.1:56480/callback.html?error=server_error&error_code=unexpected_failure&error_description=Unable+to+exchange+external+code%3A+274a#error=server_error&error_code=unexpected_failure&error_description=Unable+to+exchange+external+code%253A+274a&sb=
 ❯ kakaoSession tests/integration/dataset-snapshot-load.test.ts:91:20
     89|   const landed = new URL(step3.headers.get('location')!);
     90|   const code = landed.searchParams.get('code');
     91|   if (!code) throw new Error(`no auth code: ${landed}`);
       |                    ^
     92|   const token = await call('POST', '/auth/v1/token?grant_type=pkce', {…
     93|   expect(token.status).toBe(200);
 ❯ loadPolicy tests/integration/dataset-snapshot-load.test.ts:44:13
 ❯ tests/integration/dataset-snapshot-load.test.ts:165:5

⎯⎯⎯⎯⎯⎯⎯⎯⎯⎯⎯⎯⎯⎯⎯⎯⎯⎯⎯⎯⎯⎯⎯⎯[1/1]⎯


 Test Files  1 failed (1)
      Tests  1 failed (1)
   Start at  11:13:36
   Duration  10.33s (transform 62%, tests 20%, import 18%)

  Transform  transforming modules took 6.34s · 62% of tracked time, re-done on every run
             persist transforms across runs with fsModuleCache: true
             learn more: https://vitest.dev/guide/improving-performance#caching-between-reruns
