# cmd: timeout 600 npx vitest run --exclude 'tests/integration/**' && npx tsc -b && npm run build
# cwd: /home/better0101/projects/worktree/ci-20260926/community-map/audit-fix
# candidate: 82ae871 (ci0926/audit-fix)
# dirty: 0 tracked changes
# start: 2026-09-26T15:35:01+09:00

 RUN  v5.0.1 /home/better0101/projects/worktree/ci-20260926/community-map/audit-fix


 Test Files  9 passed (9)
      Tests  85 passed (85)
   Start at  15:35:02
   Duration  834ms (transform 41%, tests 29%, import 28%, worker 2%)


> safetyreport-community-map@0.1.0 build
> tsc -b && vite build

vite v8.3.0 building client environment for production...
transforming...
✓ 719 modules transformed.
rendering chunks...
computing gzip size...
dist/index.html                                           0.64 kB │ gzip:   0.47 kB
dist/assets/family-mark-CvINNr4v.png                     89.43 kB
dist/assets/index-CPiNSjwj.css                           21.49 kB │ gzip:   4.94 kB
dist/assets/createSeriesData-ChiFOEC5.js                  3.12 kB │ gzip:   1.28 kB
dist/assets/core-DY8VPulF.js                              4.77 kB │ gzip:   2.21 kB
dist/assets/renderers-CrdeOds5.js                        33.68 kB │ gzip:  13.05 kB
dist/assets/customGraphicKeyframeAnimation-BsZ1A7qs.js  144.14 kB │ gzip:  49.51 kB
dist/assets/graphic-DddQWlBM.js                         149.00 kB │ gzip:  49.99 kB
dist/assets/parseGeoJson-DIc9iZF6.js                    244.66 kB │ gzip:  84.53 kB
dist/assets/charts-A9HhqmJq.js                          258.86 kB │ gzip:  84.68 kB
dist/assets/components-BfaPZRCe.js                      258.89 kB │ gzip:  82.91 kB
dist/assets/index-B1mAaHog.js                           387.29 kB │ gzip: 116.15 kB

✓ built in 323ms
# end: 2026-09-26T15:35:11+09:00
# exit: 0
