# cmd: timeout 600 flutter test --no-pub test/storage/server_import_test.dart --plain-name 'mixed old DB'
# NEGATIVE CONTROL: _refuseUnknownServerColumns 의 표 선택만 재검증 전(상세 표가 하나라도 있으면 merge 전부 생략)으로 되돌려 실행 — 실패가 기대값
# cwd: /home/better0101/projects/worktree/ci-20260926/safetyreport-mobile/audit-fix
# candidate: c52a12c7 (ci0926/audit-fix)
# dirty: 1 tracked changes
# start: 2026-09-26T16:03:23+09:00
00:00 +0: loading /home/better0101/projects/worktree/ci-20260926/safetyreport-mobile/audit-fix/test/storage/server_import_test.dart
00:00 +0: (setUpAll)
00:00 +0: mixed old DB: a category without its detail table is read from merge and guarded there (SOL-02 recheck)
00:00 +0 -1: mixed old DB: a category without its detail table is read from merge and guarded there (SOL-02 recheck) [E]
  Expected: throws <Instance of 'UnknownColumnsException'> with `message`: contains 'mysafetymerge_parking.미래열(1행)'
    Actual: <Instance of 'Future<int>'>
     Which: threw SqfliteFfiException:<SqfliteFfiException(sqlite_error: 1, , SqliteException(1): while preparing statement, near "FROM": syntax error, SQL logic error (code 1)
                    Causing statement (at position 13): SELECT d.*,  FROM "mysafetydetail_traffic" d JOIN "mysafety" t ON t.ID = d.ID}) DatabaseException(SqliteException(1): while preparing statement, near "FROM": syntax error, SQL logic error (code 1)
                    Causing statement (at position 13): SELECT d.*,  FROM "mysafetydetail_traffic" d JOIN "mysafety" t ON t.ID = d.ID) sql 'SELECT d.*,  FROM "mysafetydetail_traffic" d JOIN "mysafety" t ON t.ID = d.ID' {details: {database: {path: /tmp/mysafetyreport_import_RYFURX/server_1790406208343063.db, id: 4, readOnly: true, singleInstance: true}}}>
            stack package:sqflite_common_ffi/src/method_call.dart 125:9  responseToResultOrThrow
                  package:sqflite_common_ffi/src/isolate.dart 35:12      SqfliteIsolate.handle
                  ===== asynchronous gap ===========================
                  package:matcher                                        expectLater
                  package:flutter_test/src/widget_tester.dart 507:8      expectLater
                  test/storage/server_import_test.dart 166:11            main.<fn>
                  ===== asynchronous gap ===========================
                  dart:async                                             _CustomZone.registerUnaryCallback
                  test/storage/server_import_test.dart 157:18            main.<fn>
                  
            which is not an instance of 'UnknownColumnsException'
  
  package:matcher                                    expectLater
  package:flutter_test/src/widget_tester.dart 507:8  expectLater
  test/storage/server_import_test.dart 166:11        main.<fn>
  ===== asynchronous gap ===========================
  dart:async                                         _CustomZone.registerUnaryCallback
  test/storage/server_import_test.dart 157:18        main.<fn>
  
00:00 +0 -1: (tearDownAll)
00:00 +0 -1: Some tests failed.
# end: 2026-09-26T16:03:29+09:00
# exit: 1
