# cmd: timeout 300 /home/better0101/projects/safetyreport/.venv/bin/python -m unittest tests.test_storage_exchange.ExchangeRestoreTests.test_a_stopped_crawler_that_is_still_alive_keeps_blocking_restore
# NEGATIVE CONTROL: stop_crawl 이 terminate 직후 참조를 지우는 옛 동작 — 실패(exit≠0)가 기대값
# cwd: /home/better0101/projects/worktree/ci-20260926/safetyreport/audit-fix
# candidate: 57a8cb3 (ci0926/audit-fix)
# dirty: 2 tracked changes
# start: 2026-09-26T16:27:55+09:00
[2026-09-26 16:27:55,630][INFO|database.py-upgrade_schema:285] >> 테이블 'admin_users' 생성 중...
[2026-09-26 16:27:55,633][INFO|database.py-upgrade_schema:285] >> 테이블 'api_keys' 생성 중...
[2026-09-26 16:27:55,635][INFO|database.py-upgrade_schema:285] >> 테이블 'mysafety' 생성 중...
[2026-09-26 16:27:55,637][INFO|database.py-upgrade_schema:285] >> 테이블 'mysafety_change_cursor' 생성 중...
[2026-09-26 16:27:55,638][INFO|database.py-upgrade_schema:285] >> 테이블 'mysafety_change_log' 생성 중...
[2026-09-26 16:27:55,640][INFO|database.py-upgrade_schema:285] >> 테이블 'mysafety_duplicate_decision' 생성 중...
[2026-09-26 16:27:55,642][INFO|database.py-upgrade_schema:285] >> 테이블 'mysafety_duplicate_group' 생성 중...
[2026-09-26 16:27:55,643][INFO|database.py-upgrade_schema:285] >> 테이블 'mysafety_duplicate_member' 생성 중...
[2026-09-26 16:27:55,645][INFO|database.py-upgrade_schema:285] >> 테이블 'mysafety_entry_value' 생성 중...
[2026-09-26 16:27:55,647][INFO|database.py-upgrade_schema:285] >> 테이블 'mysafety_geocode_cache' 생성 중...
[2026-09-26 16:27:55,648][INFO|database.py-upgrade_schema:285] >> 테이블 'mysafety_raw_content' 생성 중...
[2026-09-26 16:27:55,650][INFO|database.py-upgrade_schema:285] >> 테이블 'mysafety_report_override' 생성 중...
[2026-09-26 16:27:55,651][INFO|database.py-upgrade_schema:285] >> 테이블 'mysafety_sync_meta' 생성 중...
[2026-09-26 16:27:55,653][INFO|database.py-upgrade_schema:285] >> 테이블 'mysafety_watchlist' 생성 중...
[2026-09-26 16:27:55,654][INFO|database.py-upgrade_schema:285] >> 테이블 'mysafetydetail_other' 생성 중...
[2026-09-26 16:27:55,656][INFO|database.py-upgrade_schema:285] >> 테이블 'mysafetydetail_parking' 생성 중...
[2026-09-26 16:27:55,657][INFO|database.py-upgrade_schema:285] >> 테이블 'mysafetydetail_traffic' 생성 중...
[2026-09-26 16:27:55,659][INFO|database.py-upgrade_schema:285] >> 테이블 'mysafetymerge_other' 생성 중...
[2026-09-26 16:27:55,661][INFO|database.py-upgrade_schema:285] >> 테이블 'mysafetymerge_parking' 생성 중...
[2026-09-26 16:27:55,662][INFO|database.py-upgrade_schema:285] >> 테이블 'mysafetymerge_traffic' 생성 중...
[2026-09-26 16:27:55,666][INFO|database.py-_apply_versioned_migrations:452] >> [schema] DB 스키마 버전 1 적용
[2026-09-26 16:27:55,671][INFO|database.py-_apply_versioned_migrations:452] >> [schema] DB 스키마 버전 2 적용
[2026-09-26 16:27:55,673][INFO|database.py-_apply_versioned_migrations:452] >> [schema] DB 스키마 버전 3 적용
[2026-09-26 16:27:55,684][INFO|database.py-_apply_versioned_migrations:452] >> [schema] DB 스키마 버전 4 적용
[2026-09-26 16:27:55,716][INFO|duplicate_group_service.py-_log_info:53] >> [duplicate] payload exact 중복군 0개, 멤버 0건 재생성
[2026-09-26 16:27:55,752][INFO|database.py-backfill_synced_at:100] >> [migration] mysafetydetail_traffic synced_at 백필: 12건, 미해결 0건
[2026-09-26 16:27:55,755][INFO|database.py-backfill_synced_at:100] >> [migration] mysafetydetail_parking synced_at 백필: 6건, 미해결 0건
[2026-09-26 16:27:55,758][INFO|database.py-backfill_synced_at:100] >> [migration] mysafetydetail_other synced_at 백필: 6건, 미해결 0건
[2026-09-26 16:27:55,760][INFO|database.py-backfill_synced_at:105] >> [migration] synced_at 백필 완료: 총 24건 갱신, merge 재생성 시작
[2026-09-26 16:27:55,775][INFO|database.py-merge_final:736] >> 최종 데이터 병합 완료 (Traffic/Parking/Other 분리)
[2026-09-26 16:27:55,805][INFO|duplicate_group_service.py-_log_info:53] >> [duplicate] payload exact 중복군 1개, 멤버 2건 재생성
[2026-09-26 16:27:55,814][INFO|database.py-merge_final:736] >> 최종 데이터 병합 완료 (Traffic/Parking/Other 분리)
[2026-09-26 16:27:55,841][INFO|duplicate_group_service.py-_log_info:53] >> [duplicate] payload exact 중복군 1개, 멤버 2건 재생성
F
======================================================================
FAIL: test_a_stopped_crawler_that_is_still_alive_keeps_blocking_restore (tests.test_storage_exchange.ExchangeRestoreTests.test_a_stopped_crawler_that_is_still_alive_keeps_blocking_restore)
감사 R2-01: 종료 요청만으로 참조를 지우지 않는다 — 실제로 끝날 때까지 복원은 거부.
----------------------------------------------------------------------
Traceback (most recent call last):
  File "/home/better0101/projects/worktree/ci-20260926/safetyreport/audit-fix/tests/test_storage_exchange.py", line 443, in test_a_stopped_crawler_that_is_still_alive_keeps_blocking_restore
    self.assertIs(crawl_manager.get_process(), proc, "살아 있으면 참조를 지우지 않는다")
    ~~~~~~~~~~~~~^^^^^^^^^^^^^^^^^^^^^^^^^^^^^^^^^^^^^^^^^^^^^^^^^^^^^^^^^^^^^^^^^^^^^^^
AssertionError: None is not <tests.test_storage_exchange.ExchangeRestoreTests.test_a_stopped_crawler_that_is_still_alive_keeps_blocking_restore.<locals>.Stubborn object at 0x7cbad2dbcec0> : 살아 있으면 참조를 지우지 않는다

----------------------------------------------------------------------
Ran 1 test in 0.431s

FAILED (failures=1)
# end: 2026-09-26T16:27:56+09:00
# exit: 1
