# cmd: timeout 900 npx playwright test specs/ops-pages.spec.ts --project=chromium --project=firefox --reporter=line
# cwd: /home/better0101/projects/worktree/ci-20260926/safetyreport/audit-fix/tools/web-tests
# candidate: 2f925b5 (ci0926/audit-fix)
# dirty: 0 tracked changes
# start: 2026-09-26T20:16:49+09:00
[WebServer] [2026-09-26 20:16:53] INFO:     Started server process [802204]

[WebServer] [2026-09-26 20:16:53] INFO:     Waiting for application startup.

[WebServer] [2026-09-26 20:16:53] INFO:     Application startup complete.

[WebServer] [2026-09-26 20:16:53] INFO:     Uvicorn running on http://127.0.0.1:18629 (Press CTRL+C to quit)


Running 14 tests using 1 worker

[1/14] [chromium] › specs/ops-pages.spec.ts:30:11 › Ops Pages UI Renewal Checks › No horizontal scroll and no console errors for light at 1440x900
[WebServer] [fixture] blocked: github release request

[WebServer] [2026-09-26 20:16:56] INFO:     127.0.0.1:43542 - "WebSocket /crawl/ws/logs" [accepted]

[WebServer] [2026-09-26 20:16:56] INFO:     connection open

[WebServer] [2026-09-26 20:16:56] INFO:     127.0.0.1:43558 - "WebSocket /rating/ws/rating_logs" [accepted]

[WebServer] [2026-09-26 20:16:56] INFO:     connection open

[2/14] [chromium] › specs/ops-pages.spec.ts:30:11 › Ops Pages UI Renewal Checks › No horizontal scroll and no console errors for light at 390x844
[WebServer] [2026-09-26 20:16:58] INFO:     127.0.0.1:41300 - "WebSocket /crawl/ws/logs" [accepted]

[WebServer] [2026-09-26 20:16:58] INFO:     connection open

[WebServer] [2026-09-26 20:16:59] INFO:     127.0.0.1:41306 - "WebSocket /rating/ws/rating_logs" [accepted]

[WebServer] [2026-09-26 20:16:59] INFO:     connection open

[3/14] [chromium] › specs/ops-pages.spec.ts:30:11 › Ops Pages UI Renewal Checks › No horizontal scroll and no console errors for dark at 1440x900
[WebServer] [2026-09-26 20:17:01] INFO:     127.0.0.1:41364 - "WebSocket /crawl/ws/logs" [accepted]

[WebServer] [2026-09-26 20:17:01] INFO:     connection open

[WebServer] [2026-09-26 20:17:02] INFO:     127.0.0.1:41374 - "WebSocket /rating/ws/rating_logs" [accepted]

[WebServer] [2026-09-26 20:17:02] INFO:     connection open

[4/14] [chromium] › specs/ops-pages.spec.ts:30:11 › Ops Pages UI Renewal Checks › No horizontal scroll and no console errors for dark at 390x844
[WebServer] [2026-09-26 20:17:04] INFO:     127.0.0.1:41402 - "WebSocket /crawl/ws/logs" [accepted]
[WebServer] [2026-09-26 20:17:04] INFO:     connection open

[WebServer] [2026-09-26 20:17:04] INFO:     127.0.0.1:41406 - "WebSocket /rating/ws/rating_logs" [accepted]

[WebServer] [2026-09-26 20:17:04] INFO:     connection open

[5/14] [chromium] › specs/ops-pages.spec.ts:59:7 › Ops Pages UI Renewal Checks › Crawl page: crawl start button shows fixture block message
[WebServer] [2026-09-26 20:17:06] INFO:     127.0.0.1:41488 - "WebSocket /crawl/ws/logs" [accepted]
[WebServer] [2026-09-26 20:17:06] INFO:     connection open

[WebServer] [fixture] blocked: crawl subprocess

[6/14] [chromium] › specs/ops-pages.spec.ts:86:7 › Ops Pages UI Renewal Checks › Watchlist page: add and remove updates list
[7/14] [chromium] › specs/ops-pages.spec.ts:105:7 › Ops Pages UI Renewal Checks › Rating page: target list render and WebSocket log connection
[WebServer] [2026-09-26 20:17:10] INFO:     127.0.0.1:40850 - "WebSocket /rating/ws/rating_logs" [accepted]
[WebServer] [2026-09-26 20:17:10] INFO:     connection open

[8/14] [firefox] › specs/ops-pages.spec.ts:30:11 › Ops Pages UI Renewal Checks › No horizontal scroll and no console errors for light at 1440x900
[WebServer] [2026-09-26 20:17:15] INFO:     127.0.0.1:40890 - "WebSocket /crawl/ws/logs" [accepted]

[WebServer] [2026-09-26 20:17:15] INFO:     connection open

[WebServer] [2026-09-26 20:17:16] INFO:     127.0.0.1:40900 - "WebSocket /rating/ws/rating_logs" [accepted]

[WebServer] [2026-09-26 20:17:16] INFO:     connection open

[9/14] [firefox] › specs/ops-pages.spec.ts:30:11 › Ops Pages UI Renewal Checks › No horizontal scroll and no console errors for light at 390x844
[WebServer] [2026-09-26 20:17:19] INFO:     127.0.0.1:54048 - "WebSocket /crawl/ws/logs" [accepted]

[WebServer] [2026-09-26 20:17:19] INFO:     connection open

[WebServer] [2026-09-26 20:17:19] INFO:     127.0.0.1:54054 - "WebSocket /rating/ws/rating_logs" [accepted]

[WebServer] [2026-09-26 20:17:19] INFO:     connection open

[10/14] [firefox] › specs/ops-pages.spec.ts:30:11 › Ops Pages UI Renewal Checks › No horizontal scroll and no console errors for dark at 1440x900
[WebServer] [2026-09-26 20:17:22] INFO:     127.0.0.1:54080 - "WebSocket /crawl/ws/logs" [accepted]
[WebServer] [2026-09-26 20:17:22] INFO:     connection open

[WebServer] [2026-09-26 20:17:22] INFO:     127.0.0.1:54084 - "WebSocket /rating/ws/rating_logs" [accepted]

[WebServer] [2026-09-26 20:17:22] INFO:     connection open

[11/14] [firefox] › specs/ops-pages.spec.ts:30:11 › Ops Pages UI Renewal Checks › No horizontal scroll and no console errors for dark at 390x844
[WebServer] [2026-09-26 20:17:25] INFO:     127.0.0.1:54130 - "WebSocket /crawl/ws/logs" [accepted]

[WebServer] [2026-09-26 20:17:25] INFO:     connection open

[WebServer] [2026-09-26 20:17:25] INFO:     127.0.0.1:54140 - "WebSocket /rating/ws/rating_logs" [accepted]

[WebServer] [2026-09-26 20:17:25] INFO:     connection open

[12/14] [firefox] › specs/ops-pages.spec.ts:59:7 › Ops Pages UI Renewal Checks › Crawl page: crawl start button shows fixture block message
[WebServer] [2026-09-26 20:17:28] INFO:     127.0.0.1:54774 - "WebSocket /crawl/ws/logs" [accepted]

[WebServer] [2026-09-26 20:17:28] INFO:     connection open

[WebServer] [fixture] blocked: crawl subprocess

[13/14] [firefox] › specs/ops-pages.spec.ts:86:7 › Ops Pages UI Renewal Checks › Watchlist page: add and remove updates list
[14/14] [firefox] › specs/ops-pages.spec.ts:105:7 › Ops Pages UI Renewal Checks › Rating page: target list render and WebSocket log connection
[WebServer] [2026-09-26 20:17:33] INFO:     127.0.0.1:54832 - "WebSocket /rating/ws/rating_logs" [accepted]

[WebServer] [2026-09-26 20:17:33] INFO:     connection open

  14 passed (44.4s)
# end: 2026-09-26T20:17:34+09:00
# exit: 0
