# cmd: timeout 300 /home/better0101/projects/safetyreport/.venv/bin/python -m unittest tests.test_storage_exchange.ExchangeRestoreTests.test_a_failed_notification_or_preparation_does_not_leak_reservations_or_files
# NEGATIVE CONTROL: 준비 실패 때 임시 큐 파일을 지우지 않음 — 실패(exit≠0)가 기대값
# cwd: /home/better0101/projects/worktree/ci-20260926/safetyreport/audit-fix
# candidate: 1997065 (ci0926/audit-fix)
# dirty: 4 tracked changes
# start: 2026-09-26T18:10:25+09:00
[2026-09-26 18:10:26,173][INFO|database.py-upgrade_schema:285] >> 테이블 'admin_users' 생성 중...
[2026-09-26 18:10:26,178][INFO|database.py-upgrade_schema:285] >> 테이블 'api_keys' 생성 중...
[2026-09-26 18:10:26,184][INFO|database.py-upgrade_schema:285] >> 테이블 'mysafety' 생성 중...
[2026-09-26 18:10:26,186][INFO|database.py-upgrade_schema:285] >> 테이블 'mysafety_change_cursor' 생성 중...
[2026-09-26 18:10:26,188][INFO|database.py-upgrade_schema:285] >> 테이블 'mysafety_change_log' 생성 중...
[2026-09-26 18:10:26,191][INFO|database.py-upgrade_schema:285] >> 테이블 'mysafety_duplicate_decision' 생성 중...
[2026-09-26 18:10:26,197][INFO|database.py-upgrade_schema:285] >> 테이블 'mysafety_duplicate_group' 생성 중...
[2026-09-26 18:10:26,199][INFO|database.py-upgrade_schema:285] >> 테이블 'mysafety_duplicate_member' 생성 중...
[2026-09-26 18:10:26,202][INFO|database.py-upgrade_schema:285] >> 테이블 'mysafety_entry_value' 생성 중...
[2026-09-26 18:10:26,205][INFO|database.py-upgrade_schema:285] >> 테이블 'mysafety_geocode_cache' 생성 중...
[2026-09-26 18:10:26,211][INFO|database.py-upgrade_schema:285] >> 테이블 'mysafety_raw_content' 생성 중...
[2026-09-26 18:10:26,213][INFO|database.py-upgrade_schema:285] >> 테이블 'mysafety_report_override' 생성 중...
[2026-09-26 18:10:26,216][INFO|database.py-upgrade_schema:285] >> 테이블 'mysafety_sync_meta' 생성 중...
[2026-09-26 18:10:26,218][INFO|database.py-upgrade_schema:285] >> 테이블 'mysafety_watchlist' 생성 중...
[2026-09-26 18:10:26,223][INFO|database.py-upgrade_schema:285] >> 테이블 'mysafetydetail_other' 생성 중...
[2026-09-26 18:10:26,225][INFO|database.py-upgrade_schema:285] >> 테이블 'mysafetydetail_parking' 생성 중...
[2026-09-26 18:10:26,229][INFO|database.py-upgrade_schema:285] >> 테이블 'mysafetydetail_traffic' 생성 중...
[2026-09-26 18:10:26,236][INFO|database.py-upgrade_schema:285] >> 테이블 'mysafetymerge_other' 생성 중...
[2026-09-26 18:10:26,239][INFO|database.py-upgrade_schema:285] >> 테이블 'mysafetymerge_parking' 생성 중...
[2026-09-26 18:10:26,244][INFO|database.py-upgrade_schema:285] >> 테이블 'mysafetymerge_traffic' 생성 중...
[2026-09-26 18:10:26,252][INFO|database.py-_apply_versioned_migrations:452] >> [schema] DB 스키마 버전 1 적용
[2026-09-26 18:10:26,260][INFO|database.py-_apply_versioned_migrations:452] >> [schema] DB 스키마 버전 2 적용
[2026-09-26 18:10:26,263][INFO|database.py-_apply_versioned_migrations:452] >> [schema] DB 스키마 버전 3 적용
[2026-09-26 18:10:26,296][INFO|database.py-_apply_versioned_migrations:452] >> [schema] DB 스키마 버전 4 적용
[2026-09-26 18:10:26,348][INFO|duplicate_group_service.py-_log_info:53] >> [duplicate] payload exact 중복군 0개, 멤버 0건 재생성
[2026-09-26 18:10:26,403][INFO|database.py-backfill_synced_at:100] >> [migration] mysafetydetail_traffic synced_at 백필: 12건, 미해결 0건
[2026-09-26 18:10:26,409][INFO|database.py-backfill_synced_at:100] >> [migration] mysafetydetail_parking synced_at 백필: 6건, 미해결 0건
[2026-09-26 18:10:26,413][INFO|database.py-backfill_synced_at:100] >> [migration] mysafetydetail_other synced_at 백필: 6건, 미해결 0건
[2026-09-26 18:10:26,418][INFO|database.py-backfill_synced_at:105] >> [migration] synced_at 백필 완료: 총 24건 갱신, merge 재생성 시작
[2026-09-26 18:10:26,435][INFO|database.py-merge_final:736] >> 최종 데이터 병합 완료 (Traffic/Parking/Other 분리)
[2026-09-26 18:10:26,464][INFO|duplicate_group_service.py-_log_info:53] >> [duplicate] payload exact 중복군 1개, 멤버 2건 재생성
[2026-09-26 18:10:26,478][INFO|database.py-merge_final:736] >> 최종 데이터 병합 완료 (Traffic/Parking/Other 분리)
[2026-09-26 18:10:26,507][INFO|duplicate_group_service.py-_log_info:53] >> [duplicate] payload exact 중복군 1개, 멤버 2건 재생성
[2026-09-26 18:10:26,679][WARNING|crawl_manager.py-launch_pending_crawl:434] >> [crawl] 대기 큐 시작 알림 실패: RuntimeError
F
======================================================================
FAIL: test_a_failed_notification_or_preparation_does_not_leak_reservations_or_files (tests.test_storage_exchange.ExchangeRestoreTests.test_a_failed_notification_or_preparation_does_not_leak_reservations_or_files)
감사 R5-03·R5-04: 시작 알림이 실패해도 감시가 예약을 풀고, 준비(prepare)가 실패하면 번호 파일을 남기지 않는다.
----------------------------------------------------------------------
Traceback (most recent call last):
  File "/home/better0101/projects/worktree/ci-20260926/safetyreport/audit-fix/tests/test_storage_exchange.py", line 809, in test_a_failed_notification_or_preparation_does_not_leak_reservations_or_files
    self.assertEqual(glob.glob(os.path.join(settings.datapath, "pending_queue_*.txt")), [])
    ~~~~~~~~~~~~~~~~^^^^^^^^^^^^^^^^^^^^^^^^^^^^^^^^^^^^^^^^^^^^^^^^^^^^^^^^^^^^^^^^^^^^^^^
AssertionError: Lists differ: ['/tmp/tmp.0cfGpPl0lV/pending_queue_7a3b053b9ae547b982d58c616e27da45.txt'] != []

First list contains 1 additional elements.
First extra element 0:
'/tmp/tmp.0cfGpPl0lV/pending_queue_7a3b053b9ae547b982d58c616e27da45.txt'

- ['/tmp/tmp.0cfGpPl0lV/pending_queue_7a3b053b9ae547b982d58c616e27da45.txt']
+ []

----------------------------------------------------------------------
Ran 1 test in 0.955s

FAILED (failures=1)
# end: 2026-09-26T18:10:27+09:00
# exit: 1
