# cmd: timeout 300 /home/better0101/projects/safetyreport/.venv/bin/python -m unittest tests.test_storage_exchange.ExchangeRestoreTests.test_a_failed_or_incomplete_list_search_never_marks_a_number_missing
# NEGATIVE CONTROL: 목록 탐색 실패·상한 도달도 '없음'으로 확정하는 옛 판단 — 실패(exit≠0)가 기대값
# cwd: /home/better0101/projects/worktree/ci-20260926/safetyreport/audit-fix
# candidate: 9f1adc6 (ci0926/audit-fix)
# dirty: 5 tracked changes
# start: 2026-09-26T18:33:46+09:00
[2026-09-26 18:33:47,041][INFO|database.py-upgrade_schema:285] >> 테이블 'admin_users' 생성 중...
[2026-09-26 18:33:47,044][INFO|database.py-upgrade_schema:285] >> 테이블 'api_keys' 생성 중...
[2026-09-26 18:33:47,046][INFO|database.py-upgrade_schema:285] >> 테이블 'mysafety' 생성 중...
[2026-09-26 18:33:47,048][INFO|database.py-upgrade_schema:285] >> 테이블 'mysafety_change_cursor' 생성 중...
[2026-09-26 18:33:47,049][INFO|database.py-upgrade_schema:285] >> 테이블 'mysafety_change_log' 생성 중...
[2026-09-26 18:33:47,053][INFO|database.py-upgrade_schema:285] >> 테이블 'mysafety_duplicate_decision' 생성 중...
[2026-09-26 18:33:47,055][INFO|database.py-upgrade_schema:285] >> 테이블 'mysafety_duplicate_group' 생성 중...
[2026-09-26 18:33:47,057][INFO|database.py-upgrade_schema:285] >> 테이블 'mysafety_duplicate_member' 생성 중...
[2026-09-26 18:33:47,063][INFO|database.py-upgrade_schema:285] >> 테이블 'mysafety_entry_value' 생성 중...
[2026-09-26 18:33:47,066][INFO|database.py-upgrade_schema:285] >> 테이블 'mysafety_geocode_cache' 생성 중...
[2026-09-26 18:33:47,069][INFO|database.py-upgrade_schema:285] >> 테이블 'mysafety_raw_content' 생성 중...
[2026-09-26 18:33:47,071][INFO|database.py-upgrade_schema:285] >> 테이블 'mysafety_report_override' 생성 중...
[2026-09-26 18:33:47,073][INFO|database.py-upgrade_schema:285] >> 테이블 'mysafety_sync_meta' 생성 중...
[2026-09-26 18:33:47,074][INFO|database.py-upgrade_schema:285] >> 테이블 'mysafety_watchlist' 생성 중...
[2026-09-26 18:33:47,076][INFO|database.py-upgrade_schema:285] >> 테이블 'mysafetydetail_other' 생성 중...
[2026-09-26 18:33:47,078][INFO|database.py-upgrade_schema:285] >> 테이블 'mysafetydetail_parking' 생성 중...
[2026-09-26 18:33:47,080][INFO|database.py-upgrade_schema:285] >> 테이블 'mysafetydetail_traffic' 생성 중...
[2026-09-26 18:33:47,082][INFO|database.py-upgrade_schema:285] >> 테이블 'mysafetymerge_other' 생성 중...
[2026-09-26 18:33:47,085][INFO|database.py-upgrade_schema:285] >> 테이블 'mysafetymerge_parking' 생성 중...
[2026-09-26 18:33:47,088][INFO|database.py-upgrade_schema:285] >> 테이블 'mysafetymerge_traffic' 생성 중...
[2026-09-26 18:33:47,098][INFO|database.py-_apply_versioned_migrations:452] >> [schema] DB 스키마 버전 1 적용
[2026-09-26 18:33:47,107][INFO|database.py-_apply_versioned_migrations:452] >> [schema] DB 스키마 버전 2 적용
[2026-09-26 18:33:47,109][INFO|database.py-_apply_versioned_migrations:452] >> [schema] DB 스키마 버전 3 적용
[2026-09-26 18:33:47,125][INFO|database.py-_apply_versioned_migrations:452] >> [schema] DB 스키마 버전 4 적용
[2026-09-26 18:33:47,170][INFO|duplicate_group_service.py-_log_info:53] >> [duplicate] payload exact 중복군 0개, 멤버 0건 재생성
[2026-09-26 18:33:47,216][INFO|database.py-backfill_synced_at:100] >> [migration] mysafetydetail_traffic synced_at 백필: 12건, 미해결 0건
[2026-09-26 18:33:47,220][INFO|database.py-backfill_synced_at:100] >> [migration] mysafetydetail_parking synced_at 백필: 6건, 미해결 0건
[2026-09-26 18:33:47,223][INFO|database.py-backfill_synced_at:100] >> [migration] mysafetydetail_other synced_at 백필: 6건, 미해결 0건
[2026-09-26 18:33:47,225][INFO|database.py-backfill_synced_at:105] >> [migration] synced_at 백필 완료: 총 24건 갱신, merge 재생성 시작
[2026-09-26 18:33:47,241][INFO|database.py-merge_final:736] >> 최종 데이터 병합 완료 (Traffic/Parking/Other 분리)
[2026-09-26 18:33:47,273][INFO|duplicate_group_service.py-_log_info:53] >> [duplicate] payload exact 중복군 1개, 멤버 2건 재생성
[2026-09-26 18:33:47,280][INFO|database.py-merge_final:736] >> 최종 데이터 병합 완료 (Traffic/Parking/Other 분리)
[2026-09-26 18:33:47,303][INFO|duplicate_group_service.py-_log_info:53] >> [duplicate] payload exact 중복군 1개, 멤버 2건 재생성
[2026-09-26 18:33:47,591][INFO|start.py-_run_crawling_process:340] >> 큐 지정 크롤링 모드입니다. 전체 목록 갱신을 건너뜁니다.
[2026-09-26 18:33:47,593][WARNING|start.py-extract_ids_from_queue:131] >> 큐 신고번호 SPP-0000-NOPE의 ID를 찾을 수 없습니다. 목록 크롤링 후 재검색합니다.
[2026-09-26 18:33:47,593][INFO|start.py-_run_crawling_process:385] >> 미확인 신고번호 1건을 목록 크롤링으로 탐색합니다.
[2026-09-26 18:33:47,593][INFO|start.py-_run_crawling_process:394] >> 목록 탐색 중... 페이지 1 (남은 미확인: 1건)
[2026-09-26 18:33:47,593][WARNING|start.py-_run_crawling_process:407] >> 페이지 1 탐색 실패: network: down
[2026-09-26 18:33:47,593][WARNING|start.py-_run_crawling_process:436] >> 목록 전체를 찾아도 없는 신고번호: ['SPP-0000-NOPE']
[2026-09-26 18:33:47,593][INFO|start.py-_run_crawling_process:444] >> 큐 파일에서 0개의 아이템 크롤링 시작.
[2026-09-26 18:33:47,593][INFO|start.py-_run_crawling_process:453] >> 크롤링할 상세 내역 없음.
F
======================================================================
FAIL: test_a_failed_or_incomplete_list_search_never_marks_a_number_missing (tests.test_storage_exchange.ExchangeRestoreTests.test_a_failed_or_incomplete_list_search_never_marks_a_number_missing)
감사 R6-01: 목록 호출 실패(예외·오류 응답)나 탐색 상한 도달은 '없음'으로 확정하지 않는다 — 번호는 다시 찾는다.
----------------------------------------------------------------------
Traceback (most recent call last):
  File "/home/better0101/projects/worktree/ci-20260926/safetyreport/audit-fix/tests/test_storage_exchange.py", line 819, in test_a_failed_or_incomplete_list_search_never_marks_a_number_missing
    self.assertEqual((done, not_found, ambiguous), (set(), [], []), titles)
    ~~~~~~~~~~~~~~~~^^^^^^^^^^^^^^^^^^^^^^^^^^^^^^^^^^^^^^^^^^^^^^^^^^^^^^^
AssertionError: Tuples differ: ({'SPP-0000-NOPE'}, ['SPP-0000-NOPE'], []) != (set(), [], [])

First differing element 0:
{'SPP-0000-NOPE'}
set()

- ({'SPP-0000-NOPE'}, ['SPP-0000-NOPE'], [])
+ (set(), [], []) : <function ExchangeRestoreTests.test_a_failed_or_incomplete_list_search_never_marks_a_number_missing.<locals>.failing at 0x75a9531471c0>

----------------------------------------------------------------------
Ran 1 test in 0.843s

FAILED (failures=1)
# end: 2026-09-26T18:33:47+09:00
# exit: 1
