# cmd: timeout 300 /home/better0101/projects/safetyreport/.venv/bin/python -m unittest tests.test_storage_exchange.ExchangeRestoreTests.test_two_launches_never_hand_the_same_numbers_to_two_crawls
# NEGATIVE CONTROL: 대기 큐 시작 직렬화 없음 — 실패(exit≠0)가 기대값
# cwd: /home/better0101/projects/worktree/ci-20260926/safetyreport/audit-fix
# candidate: cb1305d (ci0926/audit-fix)
# dirty: 4 tracked changes
# start: 2026-09-26T17:40:57+09:00
[2026-09-26 17:40:58,403][INFO|database.py-upgrade_schema:285] >> 테이블 'admin_users' 생성 중...
[2026-09-26 17:40:58,407][INFO|database.py-upgrade_schema:285] >> 테이블 'api_keys' 생성 중...
[2026-09-26 17:40:58,412][INFO|database.py-upgrade_schema:285] >> 테이블 'mysafety' 생성 중...
[2026-09-26 17:40:58,414][INFO|database.py-upgrade_schema:285] >> 테이블 'mysafety_change_cursor' 생성 중...
[2026-09-26 17:40:58,419][INFO|database.py-upgrade_schema:285] >> 테이블 'mysafety_change_log' 생성 중...
[2026-09-26 17:40:58,421][INFO|database.py-upgrade_schema:285] >> 테이블 'mysafety_duplicate_decision' 생성 중...
[2026-09-26 17:40:58,423][INFO|database.py-upgrade_schema:285] >> 테이블 'mysafety_duplicate_group' 생성 중...
[2026-09-26 17:40:58,425][INFO|database.py-upgrade_schema:285] >> 테이블 'mysafety_duplicate_member' 생성 중...
[2026-09-26 17:40:58,427][INFO|database.py-upgrade_schema:285] >> 테이블 'mysafety_entry_value' 생성 중...
[2026-09-26 17:40:58,430][INFO|database.py-upgrade_schema:285] >> 테이블 'mysafety_geocode_cache' 생성 중...
[2026-09-26 17:40:58,435][INFO|database.py-upgrade_schema:285] >> 테이블 'mysafety_raw_content' 생성 중...
[2026-09-26 17:40:58,438][INFO|database.py-upgrade_schema:285] >> 테이블 'mysafety_report_override' 생성 중...
[2026-09-26 17:40:58,445][INFO|database.py-upgrade_schema:285] >> 테이블 'mysafety_sync_meta' 생성 중...
[2026-09-26 17:40:58,449][INFO|database.py-upgrade_schema:285] >> 테이블 'mysafety_watchlist' 생성 중...
[2026-09-26 17:40:58,452][INFO|database.py-upgrade_schema:285] >> 테이블 'mysafetydetail_other' 생성 중...
[2026-09-26 17:40:58,454][INFO|database.py-upgrade_schema:285] >> 테이블 'mysafetydetail_parking' 생성 중...
[2026-09-26 17:40:58,460][INFO|database.py-upgrade_schema:285] >> 테이블 'mysafetydetail_traffic' 생성 중...
[2026-09-26 17:40:58,469][INFO|database.py-upgrade_schema:285] >> 테이블 'mysafetymerge_other' 생성 중...
[2026-09-26 17:40:58,473][INFO|database.py-upgrade_schema:285] >> 테이블 'mysafetymerge_parking' 생성 중...
[2026-09-26 17:40:58,475][INFO|database.py-upgrade_schema:285] >> 테이블 'mysafetymerge_traffic' 생성 중...
[2026-09-26 17:40:58,482][INFO|database.py-_apply_versioned_migrations:452] >> [schema] DB 스키마 버전 1 적용
[2026-09-26 17:40:58,490][INFO|database.py-_apply_versioned_migrations:452] >> [schema] DB 스키마 버전 2 적용
[2026-09-26 17:40:58,494][INFO|database.py-_apply_versioned_migrations:452] >> [schema] DB 스키마 버전 3 적용
[2026-09-26 17:40:58,510][INFO|database.py-_apply_versioned_migrations:452] >> [schema] DB 스키마 버전 4 적용
[2026-09-26 17:40:58,550][INFO|duplicate_group_service.py-_log_info:53] >> [duplicate] payload exact 중복군 0개, 멤버 0건 재생성
[2026-09-26 17:40:58,590][INFO|database.py-backfill_synced_at:100] >> [migration] mysafetydetail_traffic synced_at 백필: 12건, 미해결 0건
[2026-09-26 17:40:58,593][INFO|database.py-backfill_synced_at:100] >> [migration] mysafetydetail_parking synced_at 백필: 6건, 미해결 0건
[2026-09-26 17:40:58,598][INFO|database.py-backfill_synced_at:100] >> [migration] mysafetydetail_other synced_at 백필: 6건, 미해결 0건
[2026-09-26 17:40:58,603][INFO|database.py-backfill_synced_at:105] >> [migration] synced_at 백필 완료: 총 24건 갱신, merge 재생성 시작
[2026-09-26 17:40:58,623][INFO|database.py-merge_final:736] >> 최종 데이터 병합 완료 (Traffic/Parking/Other 분리)
[2026-09-26 17:40:58,669][INFO|duplicate_group_service.py-_log_info:53] >> [duplicate] payload exact 중복군 1개, 멤버 2건 재생성
[2026-09-26 17:40:58,680][INFO|database.py-merge_final:736] >> 최종 데이터 병합 완료 (Traffic/Parking/Other 분리)
[2026-09-26 17:40:58,705][INFO|duplicate_group_service.py-_log_info:53] >> [duplicate] payload exact 중복군 1개, 멤버 2건 재생성
F
======================================================================
FAIL: test_two_launches_never_hand_the_same_numbers_to_two_crawls (tests.test_storage_exchange.ExchangeRestoreTests.test_two_launches_never_hand_the_same_numbers_to_two_crawls)
감사 R4-02: 첫 자식이 곧바로 끝나도(다음 시작이 가능해짐) 동시에 불린 둘째 launch 가 같은 번호로 또 시작하지 않는다.
----------------------------------------------------------------------
Traceback (most recent call last):
  File "/home/better0101/projects/worktree/ci-20260926/safetyreport/audit-fix/tests/test_storage_exchange.py", line 695, in test_two_launches_never_hand_the_same_numbers_to_two_crawls
    self.assertEqual([items for _, items in self._launched].count(["SPP-ONCE"]), 1, "같은 번호를 두 크롤이 맡지 않는다")
    ~~~~~~~~~~~~~~~~^^^^^^^^^^^^^^^^^^^^^^^^^^^^^^^^^^^^^^^^^^^^^^^^^^^^^^^^^^^^^^^^^^^^^^^^^^^^^^^^^^^^^^^^^^^^^^^^^^^^
AssertionError: 2 != 1 : 같은 번호를 두 크롤이 맡지 않는다

----------------------------------------------------------------------
Ran 1 test in 1.228s

FAILED (failures=1)
# end: 2026-09-26T17:40:59+09:00
# exit: 1
