# cmd: timeout 300 /home/better0101/projects/safetyreport/.venv/bin/python -m unittest tests.test_storage_exchange.ExchangeRestoreTests.test_concurrent_launches_start_once_and_keep_the_running_log
# NEGATIVE CONTROL: 사용자 시작이 로그를 시작 확정 전에 교체하는 옛 순서 — 실패(exit≠0)가 기대값
# cwd: /home/better0101/projects/worktree/ci-20260926/safetyreport/audit-fix
# candidate: cb1305d (ci0926/audit-fix)
# dirty: 4 tracked changes
# start: 2026-09-26T17:40:59+09:00
[2026-09-26 17:41:00,543][INFO|database.py-upgrade_schema:285] >> 테이블 'admin_users' 생성 중...
[2026-09-26 17:41:00,553][INFO|database.py-upgrade_schema:285] >> 테이블 'api_keys' 생성 중...
[2026-09-26 17:41:00,557][INFO|database.py-upgrade_schema:285] >> 테이블 'mysafety' 생성 중...
[2026-09-26 17:41:00,559][INFO|database.py-upgrade_schema:285] >> 테이블 'mysafety_change_cursor' 생성 중...
[2026-09-26 17:41:00,561][INFO|database.py-upgrade_schema:285] >> 테이블 'mysafety_change_log' 생성 중...
[2026-09-26 17:41:00,563][INFO|database.py-upgrade_schema:285] >> 테이블 'mysafety_duplicate_decision' 생성 중...
[2026-09-26 17:41:00,568][INFO|database.py-upgrade_schema:285] >> 테이블 'mysafety_duplicate_group' 생성 중...
[2026-09-26 17:41:00,570][INFO|database.py-upgrade_schema:285] >> 테이블 'mysafety_duplicate_member' 생성 중...
[2026-09-26 17:41:00,572][INFO|database.py-upgrade_schema:285] >> 테이블 'mysafety_entry_value' 생성 중...
[2026-09-26 17:41:00,579][INFO|database.py-upgrade_schema:285] >> 테이블 'mysafety_geocode_cache' 생성 중...
[2026-09-26 17:41:00,582][INFO|database.py-upgrade_schema:285] >> 테이블 'mysafety_raw_content' 생성 중...
[2026-09-26 17:41:00,584][INFO|database.py-upgrade_schema:285] >> 테이블 'mysafety_report_override' 생성 중...
[2026-09-26 17:41:00,588][INFO|database.py-upgrade_schema:285] >> 테이블 'mysafety_sync_meta' 생성 중...
[2026-09-26 17:41:00,590][INFO|database.py-upgrade_schema:285] >> 테이블 'mysafety_watchlist' 생성 중...
[2026-09-26 17:41:00,592][INFO|database.py-upgrade_schema:285] >> 테이블 'mysafetydetail_other' 생성 중...
[2026-09-26 17:41:00,599][INFO|database.py-upgrade_schema:285] >> 테이블 'mysafetydetail_parking' 생성 중...
[2026-09-26 17:41:00,602][INFO|database.py-upgrade_schema:285] >> 테이블 'mysafetydetail_traffic' 생성 중...
[2026-09-26 17:41:00,608][INFO|database.py-upgrade_schema:285] >> 테이블 'mysafetymerge_other' 생성 중...
[2026-09-26 17:41:00,612][INFO|database.py-upgrade_schema:285] >> 테이블 'mysafetymerge_parking' 생성 중...
[2026-09-26 17:41:00,614][INFO|database.py-upgrade_schema:285] >> 테이블 'mysafetymerge_traffic' 생성 중...
[2026-09-26 17:41:00,623][INFO|database.py-_apply_versioned_migrations:452] >> [schema] DB 스키마 버전 1 적용
[2026-09-26 17:41:00,630][INFO|database.py-_apply_versioned_migrations:452] >> [schema] DB 스키마 버전 2 적용
[2026-09-26 17:41:00,632][INFO|database.py-_apply_versioned_migrations:452] >> [schema] DB 스키마 버전 3 적용
[2026-09-26 17:41:00,660][INFO|database.py-_apply_versioned_migrations:452] >> [schema] DB 스키마 버전 4 적용
[2026-09-26 17:41:00,707][INFO|duplicate_group_service.py-_log_info:53] >> [duplicate] payload exact 중복군 0개, 멤버 0건 재생성
[2026-09-26 17:41:00,753][INFO|database.py-backfill_synced_at:100] >> [migration] mysafetydetail_traffic synced_at 백필: 12건, 미해결 0건
[2026-09-26 17:41:00,756][INFO|database.py-backfill_synced_at:100] >> [migration] mysafetydetail_parking synced_at 백필: 6건, 미해결 0건
[2026-09-26 17:41:00,760][INFO|database.py-backfill_synced_at:100] >> [migration] mysafetydetail_other synced_at 백필: 6건, 미해결 0건
[2026-09-26 17:41:00,765][INFO|database.py-backfill_synced_at:105] >> [migration] synced_at 백필 완료: 총 24건 갱신, merge 재생성 시작
[2026-09-26 17:41:00,781][INFO|database.py-merge_final:736] >> 최종 데이터 병합 완료 (Traffic/Parking/Other 분리)
[2026-09-26 17:41:00,809][INFO|duplicate_group_service.py-_log_info:53] >> [duplicate] payload exact 중복군 1개, 멤버 2건 재생성
[2026-09-26 17:41:00,821][INFO|database.py-merge_final:736] >> 최종 데이터 병합 완료 (Traffic/Parking/Other 분리)
[2026-09-26 17:41:00,843][INFO|duplicate_group_service.py-_log_info:53] >> [duplicate] payload exact 중복군 1개, 멤버 2건 재생성
F
======================================================================
FAIL: test_concurrent_launches_start_once_and_keep_the_running_log (tests.test_storage_exchange.ExchangeRestoreTests.test_concurrent_launches_start_once_and_keep_the_running_log)
감사 R4-02: 동시에 두 번 불러도 시작은 한 번, 두 번째가 실행 중인 크롤의 로그를 지우지 않는다.
----------------------------------------------------------------------
Traceback (most recent call last):
  File "/home/better0101/projects/worktree/ci-20260926/safetyreport/audit-fix/tests/test_storage_exchange.py", line 676, in test_concurrent_launches_start_once_and_keep_the_running_log
    self.assertEqual(f.read(), head, "실행 중인 크롤의 로그를 지우지 않는다")
    ~~~~~~~~~~~~~~~~^^^^^^^^^^^^^^^^^^^^^^^^^^^^^^^^^^^^^^^^^^^^^^^^^^^^^^^^^
AssertionError: '=== [모바일에서 시작된 크롤링] - 신고번호: SPP-USER ===\n' != '=== [대기 큐 자동 시작] 신고번호 1건 ===\n  - SPP-DUPE\n'
- === [모바일에서 시작된 크롤링] - 신고번호: SPP-USER ===
+ === [대기 큐 자동 시작] 신고번호 1건 ===
+   - SPP-DUPE
 : 실행 중인 크롤의 로그를 지우지 않는다

----------------------------------------------------------------------
Ran 1 test in 0.901s

FAILED (failures=1)
# end: 2026-09-26T17:41:01+09:00
# exit: 1
